SELECT NOT(pg_numa_available()) AS skip_test \gset
\if :skip_test
\quit
\endif
-- switch to superuser
\c -
SELECT COUNT(*) >= 0 AS ok FROM pg_shmem_numa_allocations;
 ok 
----
 t
(1 row)

